// Jest Snapshot v1, https://goo.gl/fbAQLP

exports[`<TopNav> can render Search programmatically 1`] = `
"<div class=\\"hig__global-nav\\">
    <!--SIDENAV-->
    <div class=\\"hig__global-nav__container\\">
        <div class=\\"hig__global-nav__top-nav\\">
  <div class=\\"hig__global-nav__top-nav__group hig__global-nav__top-nav__group--left\\">
    <div class=\\"hig__global-nav__top-nav__hamburger\\">
      <div class=\\"hig__global-nav__top-nav__hamburger__hamburgericon\\"><div class=\\"hig__icon\\"><svg width=\\"16\\" height=\\"12\\" viewBox=\\"0 0 16 12\\" xmlns=\\"http://www.w3.org/2000/svg\\" role=\\"img\\" title=\\"hamburger\\"><g transform=\\"translate(-4 -6)\\" fill=\\"#353636\\" fill-rule=\\"evenodd\\"><rect x=\\"4\\" y=\\"6\\" width=\\"16\\" height=\\"2\\"></rect><rect x=\\"4\\" y=\\"11\\" width=\\"16\\" height=\\"2\\"></rect><rect x=\\"4\\" y=\\"16\\" width=\\"16\\" height=\\"2\\"></rect></g></svg></div></div>
      <div class=\\"hig__global-nav__top-nav__hamburger__closeicon\\"><div class=\\"hig__icon\\"><svg width=\\"18\\" height=\\"18\\" viewBox=\\"0 0 18 18\\" xmlns=\\"http://www.w3.org/2000/svg\\" role=\\"img\\" title=\\"close-hamburger\\"><g stroke=\\"#0A131C\\" stroke-width=\\"2\\" fill=\\"none\\" fill-rule=\\"evenodd\\" stroke-linecap=\\"square\\"><path d=\\"M18.754628,5.24537196 L5.24537196,18.754628\\" transform=\\"translate(-3 -3)\\"></path><path d=\\"M5.24537196,5.24537196 L18.754628,18.754628\\" transform=\\"translate(-3 -3)\\"></path></g></svg></div></div>
    </div>
    <div class=\\"hig__global-nav__top-nav__logo\\">
      <a href=\\"http://www.autodesk.com\\">
        <img src=\\"../../../bim-logo.png\\">
      </a>
    </div>
  </div>
  <div class=\\"hig__global-nav__top-nav__search\\">
    <div class=\\"hig__global-nav__top-nav__search__icon\\"><div class=\\"hig__icon\\"><svg width=\\"22\\" height=\\"22\\" viewBox=\\"0 0 22 22\\" xmlns=\\"http://www.w3.org/2000/svg\\" role=\\"img\\" title=\\"search\\"><g transform=\\"translate(-1 -1)\\" fill=\\"none\\" fill-rule=\\"evenodd\\"><rect fill=\\"#353636\\" transform=\\"rotate(-45 19.196 18.891)\\" x=\\"18.195\\" y=\\"13.891\\" width=\\"2.001\\" height=\\"10\\" rx=\\"1\\"></rect><circle stroke=\\"#353636\\" stroke-width=\\"1.5\\" cx=\\"10\\" cy=\\"10\\" r=\\"8\\"></circle></g></svg></div></div>
    <div class=\\"hig__global-nav__top-nav__search__inputholder\\"><input class=\\"hig__global-nav__top-nav__search__inputholder__input\\" type=\\"text\\" placeholder=\\"enter some text\\" value=\\"foobar\\"></div>
    <div class=\\"hig__global-nav__top-nav__search__clear\\"><div class=\\"hig__icon\\"><svg width=\\"24\\" height=\\"24\\" viewBox=\\"0 0 24 24\\" xmlns=\\"http://www.w3.org/2000/svg\\" role=\\"img\\" title=\\"close-small\\"><title>hig/icon/close-small</title><g fill=\\"none\\" fill-rule=\\"evenodd\\"><circle stroke=\\"#353636\\" cx=\\"12\\" cy=\\"12\\" r=\\"8\\"></circle><polygon fill=\\"#353636\\" transform=\\"rotate(45 12 12)\\" points=\\"16.5 11.4518414 12.5847458 11.4518414 12.5847458 7.5 11.4152542 7.5 11.4152542 11.4518414 7.5 11.4518414 7.5 12.5226629 11.4152542 12.5226629 11.4152542 16.5 12.5847458 16.5 12.5847458 12.5226629 16.5 12.5226629\\"></polygon></g></svg></div></div>
</div><!--SEARCH-->
  <div class=\\"hig__global-nav__top-nav__spacer\\"></div>
  <!--PROJECT_ACCOUNT_SWITCHER-->
  <div class=\\"hig__global-nav__top-nav__group hig__global-nav__top-nav__group--right\\">
  <!--SHORTCUT-->
  </div>
  <!--PROFILE-->
</div><!--TOPNAV-->
        <!--SUBNAV-->
        <div class=\\"hig__global-nav__slot\\">
            <!--SLOT-->
        </div>
    </div>
</div>"
`;

exports[`<TopNav> can render Search through React-like components 1`] = `
"<div class=\\"hig__global-nav\\">
    <!--SIDENAV-->
    <div class=\\"hig__global-nav__container\\">
        <div class=\\"hig__global-nav__top-nav\\">
  <div class=\\"hig__global-nav__top-nav__group hig__global-nav__top-nav__group--left\\">
    <div class=\\"hig__global-nav__top-nav__hamburger\\">
      <div class=\\"hig__global-nav__top-nav__hamburger__hamburgericon\\"><div class=\\"hig__icon\\"><svg width=\\"16\\" height=\\"12\\" viewBox=\\"0 0 16 12\\" xmlns=\\"http://www.w3.org/2000/svg\\" role=\\"img\\" title=\\"hamburger\\"><g transform=\\"translate(-4 -6)\\" fill=\\"#353636\\" fill-rule=\\"evenodd\\"><rect x=\\"4\\" y=\\"6\\" width=\\"16\\" height=\\"2\\"></rect><rect x=\\"4\\" y=\\"11\\" width=\\"16\\" height=\\"2\\"></rect><rect x=\\"4\\" y=\\"16\\" width=\\"16\\" height=\\"2\\"></rect></g></svg></div></div>
      <div class=\\"hig__global-nav__top-nav__hamburger__closeicon\\"><div class=\\"hig__icon\\"><svg width=\\"18\\" height=\\"18\\" viewBox=\\"0 0 18 18\\" xmlns=\\"http://www.w3.org/2000/svg\\" role=\\"img\\" title=\\"close-hamburger\\"><g stroke=\\"#0A131C\\" stroke-width=\\"2\\" fill=\\"none\\" fill-rule=\\"evenodd\\" stroke-linecap=\\"square\\"><path d=\\"M18.754628,5.24537196 L5.24537196,18.754628\\" transform=\\"translate(-3 -3)\\"></path><path d=\\"M5.24537196,5.24537196 L18.754628,18.754628\\" transform=\\"translate(-3 -3)\\"></path></g></svg></div></div>
    </div>
    <div class=\\"hig__global-nav__top-nav__logo\\">
      <a>
        <img src=\\"\\">
      </a>
    </div>
  </div>
  <div class=\\"hig__global-nav__top-nav__search\\">
    <div class=\\"hig__global-nav__top-nav__search__icon\\"><div class=\\"hig__icon\\"><svg width=\\"22\\" height=\\"22\\" viewBox=\\"0 0 22 22\\" xmlns=\\"http://www.w3.org/2000/svg\\" role=\\"img\\" title=\\"search\\"><g transform=\\"translate(-1 -1)\\" fill=\\"none\\" fill-rule=\\"evenodd\\"><rect fill=\\"#353636\\" transform=\\"rotate(-45 19.196 18.891)\\" x=\\"18.195\\" y=\\"13.891\\" width=\\"2.001\\" height=\\"10\\" rx=\\"1\\"></rect><circle stroke=\\"#353636\\" stroke-width=\\"1.5\\" cx=\\"10\\" cy=\\"10\\" r=\\"8\\"></circle></g></svg></div></div>
    <div class=\\"hig__global-nav__top-nav__search__inputholder\\"><input class=\\"hig__global-nav__top-nav__search__inputholder__input\\" type=\\"text\\" placeholder=\\"enter some text\\" value=\\"foobar\\"></div>
    <div class=\\"hig__global-nav__top-nav__search__clear\\"><div class=\\"hig__icon\\"><svg width=\\"24\\" height=\\"24\\" viewBox=\\"0 0 24 24\\" xmlns=\\"http://www.w3.org/2000/svg\\" role=\\"img\\" title=\\"close-small\\"><title>hig/icon/close-small</title><g fill=\\"none\\" fill-rule=\\"evenodd\\"><circle stroke=\\"#353636\\" cx=\\"12\\" cy=\\"12\\" r=\\"8\\"></circle><polygon fill=\\"#353636\\" transform=\\"rotate(45 12 12)\\" points=\\"16.5 11.4518414 12.5847458 11.4518414 12.5847458 7.5 11.4152542 7.5 11.4152542 11.4518414 7.5 11.4518414 7.5 12.5226629 11.4152542 12.5226629 11.4152542 16.5 12.5847458 16.5 12.5847458 12.5226629 16.5 12.5226629\\"></polygon></g></svg></div></div>
</div><!--SEARCH-->
  <div class=\\"hig__global-nav__top-nav__spacer\\"></div>
  <!--PROJECT_ACCOUNT_SWITCHER-->
  <div class=\\"hig__global-nav__top-nav__group hig__global-nav__top-nav__group--right\\">
  <!--SHORTCUT-->
  </div>
  <!--PROFILE-->
</div><!--TOPNAV-->
        <!--SUBNAV-->
        <div class=\\"hig__global-nav__slot\\">
            <!--SLOT-->
        </div>
    </div>
</div>"
`;

exports[`<TopNav> renders a topnav 1`] = `
"<div class=\\"hig__global-nav\\">
    <!--SIDENAV-->
    <div class=\\"hig__global-nav__container\\">
        <div class=\\"hig__global-nav__top-nav\\">
  <div class=\\"hig__global-nav__top-nav__group hig__global-nav__top-nav__group--left\\">
    <div class=\\"hig__global-nav__top-nav__hamburger\\">
      <div class=\\"hig__global-nav__top-nav__hamburger__hamburgericon\\"><div class=\\"hig__icon\\"><svg width=\\"16\\" height=\\"12\\" viewBox=\\"0 0 16 12\\" xmlns=\\"http://www.w3.org/2000/svg\\" role=\\"img\\" title=\\"hamburger\\"><g transform=\\"translate(-4 -6)\\" fill=\\"#353636\\" fill-rule=\\"evenodd\\"><rect x=\\"4\\" y=\\"6\\" width=\\"16\\" height=\\"2\\"></rect><rect x=\\"4\\" y=\\"11\\" width=\\"16\\" height=\\"2\\"></rect><rect x=\\"4\\" y=\\"16\\" width=\\"16\\" height=\\"2\\"></rect></g></svg></div></div>
      <div class=\\"hig__global-nav__top-nav__hamburger__closeicon\\"><div class=\\"hig__icon\\"><svg width=\\"18\\" height=\\"18\\" viewBox=\\"0 0 18 18\\" xmlns=\\"http://www.w3.org/2000/svg\\" role=\\"img\\" title=\\"close-hamburger\\"><g stroke=\\"#0A131C\\" stroke-width=\\"2\\" fill=\\"none\\" fill-rule=\\"evenodd\\" stroke-linecap=\\"square\\"><path d=\\"M18.754628,5.24537196 L5.24537196,18.754628\\" transform=\\"translate(-3 -3)\\"></path><path d=\\"M5.24537196,5.24537196 L18.754628,18.754628\\" transform=\\"translate(-3 -3)\\"></path></g></svg></div></div>
    </div>
    <div class=\\"hig__global-nav__top-nav__logo\\">
      <a href=\\"http://www.autodesk.com\\">
        <img src=\\"../../../bim-logo.png\\">
      </a>
    </div>
  </div>
  <!--SEARCH-->
  <div class=\\"hig__global-nav__top-nav__spacer\\"></div>
  <!--PROJECT_ACCOUNT_SWITCHER-->
  <div class=\\"hig__global-nav__top-nav__group hig__global-nav__top-nav__group--right\\">
  <!--SHORTCUT-->
  </div>
  <div class=\\"hig__global-nav__profile\\">
    <div class=\\"hig__global-nav__top-nav__group hig__global-nav__top-nav__group--right\\">
        <!--FLYOUT-->
    <div class=\\"hig__flyout hig__flyout--anchor-top-right\\">
    <div class=\\"hig__global-nav__top-nav__profile__profile-image\\">
    <img class=\\"hig__global-nav__top-nav__profile__profile-image__image\\" src=\\"../../../bim-logo.png\\">
</div><!--TARGET-->
    <div class=\\"hig__flyout__container\\">
        <div class=\\"hig__flyout__chevron\\"></div>
        <div class=\\"hig__flyout__panel\\">
            <div class=\\"hig__global-nav__top-nav__profile__profile-flyout-content\\">
    <div class=\\"hig__global-nav__top-nav__profile__profile-flyout-content__name\\">name</div>
    <div class=\\"hig__global-nav__top-nav__profile__profile-flyout-content__email\\">email@example.com</div>
    <div class=\\"hig__global-nav__top-nav__profile__profile-flyout-content__links\\">
        <a href=\\"#\\" tabindex=\\"0\\" class=\\"hig__button hig__button--secondary hig__button--small\\" title=\\"Sign Out\\">
    <!--ICON-->
    <span class=\\"hig__button__title\\">Sign Out</span>
</a><!--SIGN_OUT_BUTTON-->
        <a href=\\"https://www.autodesk.com\\" tabindex=\\"0\\" class=\\"hig__button hig__button--secondary hig__button--small\\" title=\\"Profile Settings\\">
    <!--ICON-->
    <span class=\\"hig__button__title\\">Profile Settings</span>
</a><!--SETTINGS_LINK-->
    </div>
</div><!--SLOT-->
        </div>
    </div>
</div></div>
</div><!--PROFILE-->
</div><!--TOPNAV-->
        <!--SUBNAV-->
        <div class=\\"hig__global-nav__slot\\">
            <!--SLOT-->
        </div>
    </div>
</div>"
`;
